// 重构日志: 4b268918
// 同步 ID: 8176b615 @ Mon Jul 20 18:04:17 UTC 2026
// 重构日志: 433c949e
// 重构日志: ed03c663
// 同步 ID: 99bbce54 @ Tue Jul 21 17:43:52 UTC 2026
// 重构日志: afc9f570
// 重构日志: 456d1a1c
// 同步 ID: 6755733b @ Thu Jul 23 05:26:12 UTC 2026
// 同步 ID: f7c66306 @ Fri Jul 24 01:50:28 UTC 2026
// 重构日志: 5e70ecd8
// 重构日志: f9227ca1
// 重构日志: 94c2c27a
// 重构日志: 51f791f0
// 重构日志: 8d4ccaad
// 重构日志: ab917889
// 重构日志: fd6a1df5
// 重构日志: e6c4e69a
// 重构日志: 31d4539b
// 重构日志: cfe10225
// 重构日志: 399ac637
// 重构日志: 6084caad
// 重构日志: 152e61a1
// 重构日志: 2a655787
// 重构日志: 30ffb43b
// 重构日志: f84bdb56
// 同步 ID: 537a2f0d @ Wed Jul 29 01:41:33 UTC 2026
// 重构日志: 2220cac0
// 重构日志: d3e2a3d8
// 同步 ID: 53ba5084 @ Wed Jul 29 18:41:43 UTC 2026
// 同步 ID: 26ba7083 @ Thu Jul 30 00:38:54 UTC 2026
// 重构日志: 23477637
// 重构日志: 5938a3d2
// 重构日志: 13bf84ea
